Archive member included to satisfy reference by file (symbol)

e:/progra~2/stmicr~1/stm32c~1/gcc-ar~1.10-/gcc-ar~1.10/bin/../lib/gcc/arm-none-eabi/10.3.1/thumb/v6-m/nofp\libgcc.a(_udivsi3.o)
                              CMakeFiles/1_test.elf.dir/Core/Src/system_stm32f0xx.c.obj (__aeabi_uidiv)
e:/progra~2/stmicr~1/stm32c~1/gcc-ar~1.10-/gcc-ar~1.10/bin/../lib/gcc/arm-none-eabi/10.3.1/thumb/v6-m/nofp\libgcc.a(_dvmd_tls.o)
                              e:/progra~2/stmicr~1/stm32c~1/gcc-ar~1.10-/gcc-ar~1.10/bin/../lib/gcc/arm-none-eabi/10.3.1/thumb/v6-m/nofp\libgcc.a(_udivsi3.o) (__aeabi_idiv0)
e:/progra~2/stmicr~1/stm32c~1/gcc-ar~1.10-/gcc-ar~1.10/bin/../lib/gcc/arm-none-eabi/10.3.1/../../../../arm-none-eabi/lib/thumb/v6-m/nofp\libg.a(lib_a-errno.o)
                              CMakeFiles/1_test.elf.dir/Core/Src/syscalls.c.obj (__errno)
e:/progra~2/stmicr~1/stm32c~1/gcc-ar~1.10-/gcc-ar~1.10/bin/../lib/gcc/arm-none-eabi/10.3.1/../../../../arm-none-eabi/lib/thumb/v6-m/nofp\libg.a(lib_a-exit.o)
                              e:/progra~2/stmicr~1/stm32c~1/gcc-ar~1.10-/gcc-ar~1.10/bin/../lib/gcc/arm-none-eabi/10.3.1/../../../../arm-none-eabi/lib/thumb/v6-m/nofp/crt0.o (exit)
e:/progra~2/stmicr~1/stm32c~1/gcc-ar~1.10-/gcc-ar~1.10/bin/../lib/gcc/arm-none-eabi/10.3.1/../../../../arm-none-eabi/lib/thumb/v6-m/nofp\libg.a(lib_a-impure.o)
                              e:/progra~2/stmicr~1/stm32c~1/gcc-ar~1.10-/gcc-ar~1.10/bin/../lib/gcc/arm-none-eabi/10.3.1/../../../../arm-none-eabi/lib/thumb/v6-m/nofp\libg.a(lib_a-exit.o) (_global_impure_ptr)
e:/progra~2/stmicr~1/stm32c~1/gcc-ar~1.10-/gcc-ar~1.10/bin/../lib/gcc/arm-none-eabi/10.3.1/../../../../arm-none-eabi/lib/thumb/v6-m/nofp\libg.a(lib_a-init.o)
                              e:/progra~2/stmicr~1/stm32c~1/gcc-ar~1.10-/gcc-ar~1.10/bin/../lib/gcc/arm-none-eabi/10.3.1/../../../../arm-none-eabi/lib/thumb/v6-m/nofp/crt0.o (__libc_init_array)
e:/progra~2/stmicr~1/stm32c~1/gcc-ar~1.10-/gcc-ar~1.10/bin/../lib/gcc/arm-none-eabi/10.3.1/../../../../arm-none-eabi/lib/thumb/v6-m/nofp\libg.a(lib_a-memset.o)
                              e:/progra~2/stmicr~1/stm32c~1/gcc-ar~1.10-/gcc-ar~1.10/bin/../lib/gcc/arm-none-eabi/10.3.1/../../../../arm-none-eabi/lib/thumb/v6-m/nofp/crt0.o (memset)
e:/progra~2/stmicr~1/stm32c~1/gcc-ar~1.10-/gcc-ar~1.10/bin/../lib/gcc/arm-none-eabi/10.3.1/../../../../arm-none-eabi/lib/thumb/v6-m/nofp\libg.a(lib_a-__call_atexit.o)
                              e:/progra~2/stmicr~1/stm32c~1/gcc-ar~1.10-/gcc-ar~1.10/bin/../lib/gcc/arm-none-eabi/10.3.1/../../../../arm-none-eabi/lib/thumb/v6-m/nofp\libg.a(lib_a-exit.o) (__call_exitprocs)
e:/progra~2/stmicr~1/stm32c~1/gcc-ar~1.10-/gcc-ar~1.10/bin/../lib/gcc/arm-none-eabi/10.3.1/../../../../arm-none-eabi/lib/thumb/v6-m/nofp\libg.a(lib_a-atexit.o)
                              e:/progra~2/stmicr~1/stm32c~1/gcc-ar~1.10-/gcc-ar~1.10/bin/../lib/gcc/arm-none-eabi/10.3.1/../../../../arm-none-eabi/lib/thumb/v6-m/nofp\libg.a(lib_a-__call_atexit.o) (atexit)
e:/progra~2/stmicr~1/stm32c~1/gcc-ar~1.10-/gcc-ar~1.10/bin/../lib/gcc/arm-none-eabi/10.3.1/../../../../arm-none-eabi/lib/thumb/v6-m/nofp\libg.a(lib_a-fini.o)
                              e:/progra~2/stmicr~1/stm32c~1/gcc-ar~1.10-/gcc-ar~1.10/bin/../lib/gcc/arm-none-eabi/10.3.1/../../../../arm-none-eabi/lib/thumb/v6-m/nofp\libg.a(lib_a-__call_atexit.o) (__libc_fini_array)
e:/progra~2/stmicr~1/stm32c~1/gcc-ar~1.10-/gcc-ar~1.10/bin/../lib/gcc/arm-none-eabi/10.3.1/../../../../arm-none-eabi/lib/thumb/v6-m/nofp\libg.a(lib_a-lock.o)
                              e:/progra~2/stmicr~1/stm32c~1/gcc-ar~1.10-/gcc-ar~1.10/bin/../lib/gcc/arm-none-eabi/10.3.1/../../../../arm-none-eabi/lib/thumb/v6-m/nofp\libg.a(lib_a-__call_atexit.o) (__retarget_lock_acquire_recursive)
e:/progra~2/stmicr~1/stm32c~1/gcc-ar~1.10-/gcc-ar~1.10/bin/../lib/gcc/arm-none-eabi/10.3.1/../../../../arm-none-eabi/lib/thumb/v6-m/nofp\libg.a(lib_a-__atexit.o)
                              e:/progra~2/stmicr~1/stm32c~1/gcc-ar~1.10-/gcc-ar~1.10/bin/../lib/gcc/arm-none-eabi/10.3.1/../../../../arm-none-eabi/lib/thumb/v6-m/nofp\libg.a(lib_a-atexit.o) (__register_exitproc)

Discarded input sections

 .text          0x00000000        0x0 e:/progra~2/stmicr~1/stm32c~1/gcc-ar~1.10-/gcc-ar~1.10/bin/../lib/gcc/arm-none-eabi/10.3.1/thumb/v6-m/nofp/crti.o
 .data          0x00000000        0x0 e:/progra~2/stmicr~1/stm32c~1/gcc-ar~1.10-/gcc-ar~1.10/bin/../lib/gcc/arm-none-eabi/10.3.1/thumb/v6-m/nofp/crti.o
 .bss           0x00000000        0x0 e:/progra~2/stmicr~1/stm32c~1/gcc-ar~1.10-/gcc-ar~1.10/bin/../lib/gcc/arm-none-eabi/10.3.1/thumb/v6-m/nofp/crti.o
 .data          0x00000000        0x4 e:/progra~2/stmicr~1/stm32c~1/gcc-ar~1.10-/gcc-ar~1.10/bin/../lib/gcc/arm-none-eabi/10.3.1/thumb/v6-m/nofp/crtbegin.o
 .rodata        0x00000000       0x24 e:/progra~2/stmicr~1/stm32c~1/gcc-ar~1.10-/gcc-ar~1.10/bin/../lib/gcc/arm-none-eabi/10.3.1/thumb/v6-m/nofp/crtbegin.o
[...]
Memory Configuration

Name             Origin             Length             Attributes
RAM              0x20000000         0x00001000         xrw
FLASH            0x08000000         0x00004000         xr
*default*        0x00000000         0xffffffff

Linker script and memory map

LOAD e:/progra~2/stmicr~1/stm32c~1/gcc-ar~1.10-/gcc-ar~1.10/bin/../lib/gcc/arm-none-eabi/10.3.1/thumb/v6-m/nofp/crti.o
LOAD e:/progra~2/stmicr~1/stm32c~1/gcc-ar~1.10-/gcc-ar~1.10/bin/../lib/gcc/arm-none-eabi/10.3.1/thumb/v6-m/nofp/crtbegin.o
LOAD e:/progra~2/stmicr~1/stm32c~1/gcc-ar~1.10-/gcc-ar~1.10/bin/../lib/gcc/arm-none-eabi/10.3.1/../../../../arm-none-eabi/lib/thumb/v6-m/nofp/crt0.o
LOAD CMakeFiles/1_test.elf.dir/Core/Src/adc.c.obj
LOAD CMakeFiles/1_test.elf.dir/Core/Src/dma.c.obj
LOAD CMakeFiles/1_test.elf.dir/Core/Src/gpio.c.obj
LOAD CMakeFiles/1_test.elf.dir/Core/Src/i2c.c.obj
LOAD CMakeFiles/1_test.elf.dir/Core/Src/main.c.obj
LOAD CMakeFiles/1_test.elf.dir/Core/Src/stm32f0xx_hal_msp.c.obj
LOAD CMakeFiles/1_test.elf.dir/Core/Src/stm32f0xx_it.c.obj
LOAD CMakeFiles/1_test.elf.dir/Core/Src/syscalls.c.obj
LOAD CMakeFiles/1_test.elf.dir/Core/Src/sysmem.c.obj
LOAD CMakeFiles/1_test.elf.dir/Core/Src/system_stm32f0xx.c.obj
LOAD CMakeFiles/1_test.elf.dir/Core/Src/tim.c.obj
LOAD CMakeFiles/1_test.elf.dir/Core/Startup/startup_stm32f030f4px.s.obj
LOAD CMakeFiles/1_test.elf.dir/Ctrl/random_flash_utils.cpp.obj
LOAD CMakeFiles/1_test.elf.dir/Drivers/STM32F0xx_HAL_Driver/Src/stm32f0xx_hal.c.obj
LOAD CMakeFiles/1_test.elf.dir/Drivers/STM32F0xx_HAL_Driver/Src/stm32f0xx_hal_adc.c.obj
LOAD CMakeFiles/1_test.elf.dir/Drivers/STM32F0xx_HAL_Driver/Src/stm32f0xx_hal_adc_ex.c.obj
LOAD CMakeFiles/1_test.elf.dir/Drivers/STM32F0xx_HAL_Driver/Src/stm32f0xx_hal_cortex.c.obj
LOAD CMakeFiles/1_test.elf.dir/Drivers/STM32F0xx_HAL_Driver/Src/stm32f0xx_hal_dma.c.obj
LOAD CMakeFiles/1_test.elf.dir/Drivers/STM32F0xx_HAL_Driver/Src/stm32f0xx_hal_exti.c.obj
LOAD CMakeFiles/1_test.elf.dir/Drivers/STM32F0xx_HAL_Driver/Src/stm32f0xx_hal_flash.c.obj
LOAD CMakeFiles/1_test.elf.dir/Drivers/STM32F0xx_HAL_Driver/Src/stm32f0xx_hal_flash_ex.c.obj
LOAD CMakeFiles/1_test.elf.dir/Drivers/STM32F0xx_HAL_Driver/Src/stm32f0xx_hal_gpio.c.obj
LOAD CMakeFiles/1_test.elf.dir/Drivers/STM32F0xx_HAL_Driver/Src/stm32f0xx_hal_i2c.c.obj
LOAD CMakeFiles/1_test.elf.dir/Drivers/STM32F0xx_HAL_Driver/Src/stm32f0xx_hal_i2c_ex.c.obj
LOAD CMakeFiles/1_test.elf.dir/Drivers/STM32F0xx_HAL_Driver/Src/stm32f0xx_hal_pwr.c.obj
LOAD CMakeFiles/1_test.elf.dir/Drivers/STM32F0xx_HAL_Driver/Src/stm32f0xx_hal_pwr_ex.c.obj
LOAD CMakeFiles/1_test.elf.dir/Drivers/STM32F0xx_HAL_Driver/Src/stm32f0xx_hal_rcc.c.obj
LOAD CMakeFiles/1_test.elf.dir/Drivers/STM32F0xx_HAL_Driver/Src/stm32f0xx_hal_rcc_ex.c.obj
LOAD CMakeFiles/1_test.elf.dir/Drivers/STM32F0xx_HAL_Driver/Src/stm32f0xx_hal_tim.c.obj
LOAD CMakeFiles/1_test.elf.dir/Drivers/STM32F0xx_HAL_Driver/Src/stm32f0xx_hal_tim_ex.c.obj
LOAD CMakeFiles/1_test.elf.dir/UserApp/main.cpp.obj
LOAD e:/progra~2/stmicr~1/stm32c~1/gcc-ar~1.10-/gcc-ar~1.10/bin/../lib/gcc/arm-none-eabi/10.3.1/../../../../arm-none-eabi/lib/thumb/v6-m/nofp\libstdc++.a
LOAD e:/progra~2/stmicr~1/stm32c~1/gcc-ar~1.10-/gcc-ar~1.10/bin/../lib/gcc/arm-none-eabi/10.3.1/../../../../arm-none-eabi/lib/thumb/v6-m/nofp\libm.a
START GROUP
LOAD e:/progra~2/stmicr~1/stm32c~1/gcc-ar~1.10-/gcc-ar~1.10/bin/../lib/gcc/arm-none-eabi/10.3.1/thumb/v6-m/nofp\libgcc.a
LOAD e:/progra~2/stmicr~1/stm32c~1/gcc-ar~1.10-/gcc-ar~1.10/bin/../lib/gcc/arm-none-eabi/10.3.1/../../../../arm-none-eabi/lib/thumb/v6-m/nofp\libg.a
LOAD e:/progra~2/stmicr~1/stm32c~1/gcc-ar~1.10-/gcc-ar~1.10/bin/../lib/gcc/arm-none-eabi/10.3.1/../../../../arm-none-eabi/lib/thumb/v6-m/nofp\libc.a
END GROUP
LOAD e:/progra~2/stmicr~1/stm32c~1/gcc-ar~1.10-/gcc-ar~1.10/bin/../lib/gcc/arm-none-eabi/10.3.1/thumb/v6-m/nofp/crtend.o
LOAD e:/progra~2/stmicr~1/stm32c~1/gcc-ar~1.10-/gcc-ar~1.10/bin/../lib/gcc/arm-none-eabi/10.3.1/thumb/v6-m/nofp/crtn.o
                0x20001000                _estack = (ORIGIN (RAM) + LENGTH (RAM))
                0x00000200                _Min_Heap_Size = 0x200
                0x00000400                _Min_Stack_Size = 0x400

.isr_vector     0x08000000       0xc0
                0x08000000                . = ALIGN (0x4)
 *(.isr_vector)
 .isr_vector    0x08000000       0xc0 CMakeFiles/1_test.elf.dir/Core/Startup/startup_stm32f030f4px.s.obj
                0x08000000                g_pfnVectors
                0x080000c0                . = ALIGN (0x4)

.text           0x080000c0     0x26e0
                0x080000c0                . = ALIGN (0x4)
 *(.text)
 .text          0x080000c0       0x48 e:/progra~2/stmicr~1/stm32c~1/gcc-ar~1.10-/gcc-ar~1.10/bin/../lib/gcc/arm-none-eabi/10.3.1/thumb/v6-m/nofp/crtbegin.o
 .text          0x08000108      0x114 e:/progra~2/stmicr~1/stm32c~1/gcc-ar~1.10-/gcc-ar~1.10/bin/../lib/gcc/arm-none-eabi/10.3.1/thumb/v6-m/nofp\libgcc.a(_udivsi3.o)
                0x08000108                __aeabi_uidiv
                0x08000108                __udivsi3
                0x08000214                __aeabi_uidivmod
 .text          0x0800021c        0x4 e:/progra~2/stmicr~1/stm32c~1/gcc-ar~1.10-/gcc-ar~1.10/bin/../lib/gcc/arm-none-eabi/10.3.1/thumb/v6-m/nofp\libgcc.a(_dvmd_tls.o)
                0x0800021c                __aeabi_idiv0
                0x0800021c                __aeabi_ldiv0
 *(.text*)
 .text.MX_ADC_Init
                0x08000220       0x78 CMakeFiles/1_test.elf.dir/Core/Src/adc.c.obj
                0x08000220                MX_ADC_Init
 .text.HAL_ADC_MspInit
                0x08000298       0xac CMakeFiles/1_test.elf.dir/Core/Src/adc.c.obj
                0x08000298                HAL_ADC_MspInit
 .text.MX_DMA_Init
                0x08000344       0x30 CMakeFiles/1_test.elf.dir/Core/Src/dma.c.obj
                0x08000344                MX_DMA_Init
 .text.MX_GPIO_Init
                0x08000374       0x64 CMakeFiles/1_test.elf.dir/Core/Src/gpio.c.obj
                0x08000374                MX_GPIO_Init
 .text.MX_I2C1_Init
                0x080003d8       0x64 CMakeFiles/1_test.elf.dir/Core/Src/i2c.c.obj
                0x080003d8                MX_I2C1_Init
 .text.HAL_I2C_MspInit
                0x0800043c       0x78 CMakeFiles/1_test.elf.dir/Core/Src/i2c.c.obj
                0x0800043c                HAL_I2C_MspInit
 .text.Error_Handler
                0x080004b4        0x4 CMakeFiles/1_test.elf.dir/Core/Src/main.c.obj
                0x080004b4                Error_Handler
 .text.SystemClock_Config
                0x080004b8       0x82 CMakeFiles/1_test.elf.dir/Core/Src/main.c.obj
                0x080004b8                SystemClock_Config
 .text.main     0x0800053a       0x28 CMakeFiles/1_test.elf.dir/Core/Src/main.c.obj
                0x0800053a                main
 *fill*         0x08000562        0x2 
 .text.HAL_MspInit
                0x08000564       0x30 CMakeFiles/1_test.elf.dir/Core/Src/stm32f0xx_hal_msp.c.obj
                0x08000564                HAL_MspInit
 .text.NMI_Handler
                0x08000594        0x2 CMakeFiles/1_test.elf.dir/Core/Src/stm32f0xx_it.c.obj
                0x08000594                NMI_Handler
 .text.HardFault_Handler
                0x08000596        0x2 CMakeFiles/1_test.elf.dir/Core/Src/stm32f0xx_it.c.obj
                0x08000596                HardFault_Handler
 .text.SVC_Handler
                0x08000598        0x2 CMakeFiles/1_test.elf.dir/Core/Src/stm32f0xx_it.c.obj
                0x08000598                SVC_Handler
 .text.PendSV_Handler
                0x0800059a        0x2 CMakeFiles/1_test.elf.dir/Core/Src/stm32f0xx_it.c.obj
                0x0800059a                PendSV_Handler
 .text.SysTick_Handler
                0x0800059c        0x8 CMakeFiles/1_test.elf.dir/Core/Src/stm32f0xx_it.c.obj
                0x0800059c                SysTick_Handler
 .text.DMA1_Channel1_IRQHandler
                0x080005a4       0x10 CMakeFiles/1_test.elf.dir/Core/Src/stm32f0xx_it.c.obj
                0x080005a4                DMA1_Channel1_IRQHandler
 .text.ADC1_IRQHandler
                0x080005b4       0x10 CMakeFiles/1_test.elf.dir/Core/Src/stm32f0xx_it.c.obj
                0x080005b4                ADC1_IRQHandler
 .text.TIM14_IRQHandler
                0x080005c4       0x10 CMakeFiles/1_test.elf.dir/Core/Src/stm32f0xx_it.c.obj
                0x080005c4                TIM14_IRQHandler
 .text.I2C1_IRQHandler
                0x080005d4       0x24 CMakeFiles/1_test.elf.dir/Core/Src/stm32f0xx_it.c.obj
                0x080005d4                I2C1_IRQHandler
 .text.SystemInit
                0x080005f8        0x2 CMakeFiles/1_test.elf.dir/Core/Src/system_stm32f0xx.c.obj
                0x080005f8                SystemInit
 *fill*         0x080005fa        0x2 
 .text.MX_TIM14_Init
                0x080005fc       0x34 CMakeFiles/1_test.elf.dir/Core/Src/tim.c.obj
                0x080005fc                MX_TIM14_Init
 .text.HAL_TIM_PWM_MspInit
                0x08000630       0x2c CMakeFiles/1_test.elf.dir/Core/Src/tim.c.obj
                0x08000630                HAL_TIM_PWM_MspInit
 .text.HAL_TIM_Base_MspInit
                0x0800065c       0x40 CMakeFiles/1_test.elf.dir/Core/Src/tim.c.obj
                0x0800065c                HAL_TIM_Base_MspInit
 .text.HAL_TIM_MspPostInit
                0x0800069c       0x50 CMakeFiles/1_test.elf.dir/Core/Src/tim.c.obj
                0x0800069c                HAL_TIM_MspPostInit
 .text.MX_TIM3_Init
                0x080006ec       0x9c CMakeFiles/1_test.elf.dir/Core/Src/tim.c.obj
                0x080006ec                MX_TIM3_Init
 .text.Reset_Handler
                0x08000788       0x50 CMakeFiles/1_test.elf.dir/Core/Startup/startup_stm32f030f4px.s.obj
                0x08000788                Reset_Handler
 .text.Default_Handler
                0x080007d8        0x2 CMakeFiles/1_test.elf.dir/Core/Startup/startup_stm32f030f4px.s.obj
                0x080007d8                TIM1_CC_IRQHandler
                0x080007d8                SPI1_IRQHandler
                0x080007d8                EXTI2_3_IRQHandler
                0x080007d8                TIM17_IRQHandler
                0x080007d8                RTC_IRQHandler
                0x080007d8                TIM16_IRQHandler
                0x080007d8                TIM3_IRQHandler
                0x080007d8                EXTI4_15_IRQHandler
                0x080007d8                RCC_IRQHandler
                0x080007d8                Default_Handler
                0x080007d8                DMA1_Channel4_5_IRQHandler
                0x080007d8                EXTI0_1_IRQHandler
                0x080007d8                WWDG_IRQHandler
                0x080007d8                DMA1_Channel2_3_IRQHandler
                0x080007d8                FLASH_IRQHandler
                0x080007d8                USART1_IRQHandler
                0x080007d8                TIM1_BRK_UP_TRG_COM_IRQHandler
 *fill*         0x080007da        0x2 
 .text.HAL_InitTick
                0x080007dc       0x50 CMakeFiles/1_test.elf.dir/Drivers/STM32F0xx_HAL_Driver/Src/stm32f0xx_hal.c.obj
                0x080007dc                HAL_InitTick
 .text.HAL_Init
                0x0800082c       0x20 CMakeFiles/1_test.elf.dir/Drivers/STM32F0xx_HAL_Driver/Src/stm32f0xx_hal.c.obj
                0x0800082c                HAL_Init
 .text.HAL_IncTick
                0x0800084c       0x18 CMakeFiles/1_test.elf.dir/Drivers/STM32F0xx_HAL_Driver/Src/stm32f0xx_hal.c.obj
                0x0800084c                HAL_IncTick
 .text.HAL_GetTick
                0x08000864        0xc CMakeFiles/1_test.elf.dir/Drivers/STM32F0xx_HAL_Driver/Src/stm32f0xx_hal.c.obj
                0x08000864                HAL_GetTick
 .text.HAL_ADC_Init
                0x08000870      0x184 CMakeFiles/1_test.elf.dir/Drivers/STM32F0xx_HAL_Driver/Src/stm32f0xx_hal_adc.c.obj
                0x08000870                HAL_ADC_Init
 .text.HAL_ADC_ConvCpltCallback
                0x080009f4        0x2 CMakeFiles/1_test.elf.dir/Drivers/STM32F0xx_HAL_Driver/Src/stm32f0xx_hal_adc.c.obj
                0x080009f4                HAL_ADC_ConvCpltCallback
 .text.HAL_ADC_LevelOutOfWindowCallback
                0x080009f6        0x2 CMakeFiles/1_test.elf.dir/Drivers/STM32F0xx_HAL_Driver/Src/stm32f0xx_hal_adc.c.obj
                0x080009f6                HAL_ADC_LevelOutOfWindowCallback
 .text.HAL_ADC_ErrorCallback
                0x080009f8        0x2 CMakeFiles/1_test.elf.dir/Drivers/STM32F0xx_HAL_Driver/Src/stm32f0xx_hal_adc.c.obj
                0x080009f8                HAL_ADC_ErrorCallback
 *fill*         0x080009fa        0x2 
 .text.HAL_ADC_IRQHandler
                0x080009fc       0xd0 CMakeFiles/1_test.elf.dir/Drivers/STM32F0xx_HAL_Driver/Src/stm32f0xx_hal_adc.c.obj
                0x080009fc                HAL_ADC_IRQHandler
 .text.HAL_ADC_ConfigChannel
                0x08000acc      0x134 CMakeFiles/1_test.elf.dir/Drivers/STM32F0xx_HAL_Driver/Src/stm32f0xx_hal_adc.c.obj
                0x08000acc                HAL_ADC_ConfigChannel
 .text.HAL_NVIC_SetPriority
                0x08000c00       0x60 CMakeFiles/1_test.elf.dir/Drivers/STM32F0xx_HAL_Driver/Src/stm32f0xx_hal_cortex.c.obj
                0x08000c00                HAL_NVIC_SetPriority
 .text.HAL_NVIC_EnableIRQ
                0x08000c60       0x18 CMakeFiles/1_test.elf.dir/Drivers/STM32F0xx_HAL_Driver/Src/stm32f0xx_hal_cortex.c.obj
                0x08000c60                HAL_NVIC_EnableIRQ
 .text.HAL_SYSTICK_Config
                0x08000c78       0x38 CMakeFiles/1_test.elf.dir/Drivers/STM32F0xx_HAL_Driver/Src/stm32f0xx_hal_cortex.c.obj
                0x08000c78                HAL_SYSTICK_Config
 .text.DMA_CalcBaseAndBitshift
                0x08000cb0       0x24 CMakeFiles/1_test.elf.dir/Drivers/STM32F0xx_HAL_Driver/Src/stm32f0xx_hal_dma.c.obj
 .text.HAL_DMA_Init
                0x08000cd4       0x50 CMakeFiles/1_test.elf.dir/Drivers/STM32F0xx_HAL_Driver/Src/stm32f0xx_hal_dma.c.obj
                0x08000cd4                HAL_DMA_Init
 .text.HAL_DMA_Abort_IT
                0x08000d24       0x4a CMakeFiles/1_test.elf.dir/Drivers/STM32F0xx_HAL_Driver/Src/stm32f0xx_hal_dma.c.obj
                0x08000d24                HAL_DMA_Abort_IT
 .text.HAL_DMA_IRQHandler
                0x08000d6e       0xaa CMakeFiles/1_test.elf.dir/Drivers/STM32F0xx_HAL_Driver/Src/stm32f0xx_hal_dma.c.obj
                0x08000d6e                HAL_DMA_IRQHandler
 .text.HAL_DMA_GetState
                0x08000e18        0x8 CMakeFiles/1_test.elf.dir/Drivers/STM32F0xx_HAL_Driver/Src/stm32f0xx_hal_dma.c.obj
                0x08000e18                HAL_DMA_GetState
 .text.HAL_GPIO_Init
                0x08000e20      0x18c CMakeFiles/1_test.elf.dir/Drivers/STM32F0xx_HAL_Driver/Src/stm32f0xx_hal_gpio.c.obj
                0x08000e20                HAL_GPIO_Init
 .text.HAL_GPIO_WritePin
                0x08000fac        0xc CMakeFiles/1_test.elf.dir/Drivers/STM32F0xx_HAL_Driver/Src/stm32f0xx_hal_gpio.c.obj
                0x08000fac                HAL_GPIO_WritePin
 .text.I2C_Flush_TXDR
                0x08000fb8       0x1e CMakeFiles/1_test.elf.dir/Drivers/STM32F0xx_HAL_Driver/Src/stm32f0xx_hal_i2c.c.obj
 .text.I2C_Disable_IRQ
                0x08000fd6       0x6c CMakeFiles/1_test.elf.dir/Drivers/STM32F0xx_HAL_Driver/Src/stm32f0xx_hal_i2c.c.obj
 *fill*         0x08001042        0x2 
 .text.HAL_I2C_Init
                0x08001044       0xdc CMakeFiles/1_test.elf.dir/Drivers/STM32F0xx_HAL_Driver/Src/stm32f0xx_hal_i2c.c.obj
                0x08001044                HAL_I2C_Init
 .text.HAL_I2C_EV_IRQHandler
                0x08001120       0x12 CMakeFiles/1_test.elf.dir/Drivers/STM32F0xx_HAL_Driver/Src/stm32f0xx_hal_i2c.c.obj
                0x08001120                HAL_I2C_EV_IRQHandler
 .text.HAL_I2C_SlaveTxCpltCallback
                0x08001132        0x2 CMakeFiles/1_test.elf.dir/Drivers/STM32F0xx_HAL_Driver/Src/stm32f0xx_hal_i2c.c.obj
                0x08001132                HAL_I2C_SlaveTxCpltCallback
 .text.HAL_I2C_SlaveRxCpltCallback
                0x08001134        0x2 CMakeFiles/1_test.elf.dir/Drivers/STM32F0xx_HAL_Driver/Src/stm32f0xx_hal_i2c.c.obj
                0x08001134                HAL_I2C_SlaveRxCpltCallback
 *fill*         0x08001136        0x2 
 .text.I2C_ITSlaveSeqCplt
                0x08001138       0x84 CMakeFiles/1_test.elf.dir/Drivers/STM32F0xx_HAL_Driver/Src/stm32f0xx_hal_i2c.c.obj
 .text.HAL_I2C_AddrCallback
                0x080011bc        0x2 CMakeFiles/1_test.elf.dir/Drivers/STM32F0xx_HAL_Driver/Src/stm32f0xx_hal_i2c.c.obj
                0x080011bc                HAL_I2C_AddrCallback
 .text.I2C_ITAddrCplt
                0x080011be       0xa4 CMakeFiles/1_test.elf.dir/Drivers/STM32F0xx_HAL_Driver/Src/stm32f0xx_hal_i2c.c.obj
 .text.HAL_I2C_ListenCpltCallback
                0x08001262        0x2 CMakeFiles/1_test.elf.dir/Drivers/STM32F0xx_HAL_Driver/Src/stm32f0xx_hal_i2c.c.obj
                0x08001262                HAL_I2C_ListenCpltCallback
 .text.I2C_ITListenCplt
                0x08001264       0x68 CMakeFiles/1_test.elf.dir/Drivers/STM32F0xx_HAL_Driver/Src/stm32f0xx_hal_i2c.c.obj
 .text.HAL_I2C_ErrorCallback
                0x080012cc        0x2 CMakeFiles/1_test.elf.dir/Drivers/STM32F0xx_HAL_Driver/Src/stm32f0xx_hal_i2c.c.obj
                0x080012cc                HAL_I2C_ErrorCallback
 .text.HAL_I2C_AbortCpltCallback
                0x080012ce        0x2 CMakeFiles/1_test.elf.dir/Drivers/STM32F0xx_HAL_Driver/Src/stm32f0xx_hal_i2c.c.obj
                0x080012ce                HAL_I2C_AbortCpltCallback
 .text.I2C_TreatErrorCallback
                0x080012d0       0x2c CMakeFiles/1_test.elf.dir/Drivers/STM32F0xx_HAL_Driver/Src/stm32f0xx_hal_i2c.c.obj
 .text.I2C_ITError
                0x080012fc      0x134 CMakeFiles/1_test.elf.dir/Drivers/STM32F0xx_HAL_Driver/Src/stm32f0xx_hal_i2c.c.obj
 .text.I2C_ITSlaveCplt
                0x08001430      0x1f8 CMakeFiles/1_test.elf.dir/Drivers/STM32F0xx_HAL_Driver/Src/stm32f0xx_hal_i2c.c.obj
 .text.I2C_Slave_ISR_IT
                0x08001628      0x144 CMakeFiles/1_test.elf.dir/Drivers/STM32F0xx_HAL_Driver/Src/stm32f0xx_hal_i2c.c.obj
 .text.HAL_I2C_ER_IRQHandler
                0x0800176c       0x5e CMakeFiles/1_test.elf.dir/Drivers/STM32F0xx_HAL_Driver/Src/stm32f0xx_hal_i2c.c.obj
                0x0800176c                HAL_I2C_ER_IRQHandler
 .text.I2C_DMAAbort
                0x080017ca       0x1e CMakeFiles/1_test.elf.dir/Drivers/STM32F0xx_HAL_Driver/Src/stm32f0xx_hal_i2c.c.obj
 .text.HAL_I2CEx_ConfigAnalogFilter
                0x080017e8       0x58 CMakeFiles/1_test.elf.dir/Drivers/STM32F0xx_HAL_Driver/Src/stm32f0xx_hal_i2c_ex.c.obj
                0x080017e8                HAL_I2CEx_ConfigAnalogFilter
 .text.HAL_I2CEx_ConfigDigitalFilter
                0x08001840       0x54 CMakeFiles/1_test.elf.dir/Drivers/STM32F0xx_HAL_Driver/Src/stm32f0xx_hal_i2c_ex.c.obj
                0x08001840                HAL_I2CEx_ConfigDigitalFilter
 .text.HAL_RCC_OscConfig
                0x08001894      0x49c CMakeFiles/1_test.elf.dir/Drivers/STM32F0xx_HAL_Driver/Src/stm32f0xx_hal_rcc.c.obj
                0x08001894                HAL_RCC_OscConfig
 .text.HAL_RCC_GetSysClockFreq
                0x08001d30       0x54 CMakeFiles/1_test.elf.dir/Drivers/STM32F0xx_HAL_Driver/Src/stm32f0xx_hal_rcc.c.obj
                0x08001d30                HAL_RCC_GetSysClockFreq
 .text.HAL_RCC_ClockConfig
                0x08001d84      0x134 CMakeFiles/1_test.elf.dir/Drivers/STM32F0xx_HAL_Driver/Src/stm32f0xx_hal_rcc.c.obj
                0x08001d84                HAL_RCC_ClockConfig
 .text.HAL_RCCEx_PeriphCLKConfig
                0x08001eb8      0x11c CMakeFiles/1_test.elf.dir/Drivers/STM32F0xx_HAL_Driver/Src/stm32f0xx_hal_rcc_ex.c.obj
                0x08001eb8                HAL_RCCEx_PeriphCLKConfig
 .text.TIM_OC1_SetConfig
                0x08001fd4       0x78 CMakeFiles/1_test.elf.dir/Drivers/STM32F0xx_HAL_Driver/Src/stm32f0xx_hal_tim.c.obj
 .text.TIM_OC3_SetConfig
                0x0800204c       0x88 CMakeFiles/1_test.elf.dir/Drivers/STM32F0xx_HAL_Driver/Src/stm32f0xx_hal_tim.c.obj
 .text.TIM_OC4_SetConfig
                0x080020d4       0x68 CMakeFiles/1_test.elf.dir/Drivers/STM32F0xx_HAL_Driver/Src/stm32f0xx_hal_tim.c.obj
 .text.HAL_TIM_PeriodElapsedCallback
                0x0800213c        0x2 CMakeFiles/1_test.elf.dir/Drivers/STM32F0xx_HAL_Driver/Src/stm32f0xx_hal_tim.c.obj
                0x0800213c                HAL_TIM_PeriodElapsedCallback
 .text.HAL_TIM_OC_DelayElapsedCallback
                0x0800213e        0x2 CMakeFiles/1_test.elf.dir/Drivers/STM32F0xx_HAL_Driver/Src/stm32f0xx_hal_tim.c.obj
                0x0800213e                HAL_TIM_OC_DelayElapsedCallback
 .text.HAL_TIM_IC_CaptureCallback
                0x08002140        0x2 CMakeFiles/1_test.elf.dir/Drivers/STM32F0xx_HAL_Driver/Src/stm32f0xx_hal_tim.c.obj
                0x08002140                HAL_TIM_IC_CaptureCallback
 .text.HAL_TIM_PWM_PulseFinishedCallback
                0x08002142        0x2 CMakeFiles/1_test.elf.dir/Drivers/STM32F0xx_HAL_Driver/Src/stm32f0xx_hal_tim.c.obj
                0x08002142                HAL_TIM_PWM_PulseFinishedCallback
 .text.HAL_TIM_TriggerCallback
                0x08002144        0x2 CMakeFiles/1_test.elf.dir/Drivers/STM32F0xx_HAL_Driver/Src/stm32f0xx_hal_tim.c.obj
                0x08002144                HAL_TIM_TriggerCallback
 .text.HAL_TIM_IRQHandler
                0x08002146      0x13e CMakeFiles/1_test.elf.dir/Drivers/STM32F0xx_HAL_Driver/Src/stm32f0xx_hal_tim.c.obj
                0x08002146                HAL_TIM_IRQHandler
 .text.TIM_Base_SetConfig
                0x08002284       0x90 CMakeFiles/1_test.elf.dir/Drivers/STM32F0xx_HAL_Driver/Src/stm32f0xx_hal_tim.c.obj
                0x08002284                TIM_Base_SetConfig
 .text.HAL_TIM_Base_Init
                0x08002314       0x58 CMakeFiles/1_test.elf.dir/Drivers/STM32F0xx_HAL_Driver/Src/stm32f0xx_hal_tim.c.obj
                0x08002314                HAL_TIM_Base_Init
 .text.HAL_TIM_PWM_Init
                0x0800236c       0x58 CMakeFiles/1_test.elf.dir/Drivers/STM32F0xx_HAL_Driver/Src/stm32f0xx_hal_tim.c.obj
                0x0800236c                HAL_TIM_PWM_Init
 .text.TIM_OC2_SetConfig
                0x080023c4       0x80 CMakeFiles/1_test.elf.dir/Drivers/STM32F0xx_HAL_Driver/Src/stm32f0xx_hal_tim.c.obj
                0x080023c4                TIM_OC2_SetConfig
 .text.HAL_TIM_PWM_ConfigChannel
                0x08002444       0xf0 CMakeFiles/1_test.elf.dir/Drivers/STM32F0xx_HAL_Driver/Src/stm32f0xx_hal_tim.c.obj
                0x08002444                HAL_TIM_PWM_ConfigChannel
 .text.HAL_TIMEx_MasterConfigSynchronization
                0x08002534       0x5c CMakeFiles/1_test.elf.dir/Drivers/STM32F0xx_HAL_Driver/Src/stm32f0xx_hal_tim_ex.c.obj
                0x08002534                HAL_TIMEx_MasterConfigSynchronization
 .text.HAL_TIMEx_CommutCallback
                0x08002590        0x2 CMakeFiles/1_test.elf.dir/Drivers/STM32F0xx_HAL_Driver/Src/stm32f0xx_hal_tim_ex.c.obj
                0x08002590                HAL_TIMEx_CommutCallback
 .text.HAL_TIMEx_BreakCallback
                0x08002592        0x2 CMakeFiles/1_test.elf.dir/Drivers/STM32F0xx_HAL_Driver/Src/stm32f0xx_hal_tim_ex.c.obj
                0x08002592                HAL_TIMEx_BreakCallback
 .text.Main     0x08002594        0x2 CMakeFiles/1_test.elf.dir/UserApp/main.cpp.obj
                0x08002594                Main
 *fill*         0x08002596        0x2 
 .text.__libc_init_array
                0x08002598       0x44 e:/progra~2/stmicr~1/stm32c~1/gcc-ar~1.10-/gcc-ar~1.10/bin/../lib/gcc/arm-none-eabi/10.3.1/../../../../arm-none-eabi/lib/thumb/v6-m/nofp\libg.a(lib_a-init.o)
                0x08002598                __libc_init_array
 .text.memset   0x080025dc       0xa8 e:/progra~2/stmicr~1/stm32c~1/gcc-ar~1.10-/gcc-ar~1.10/bin/../lib/gcc/arm-none-eabi/10.3.1/../../../../arm-none-eabi/lib/thumb/v6-m/nofp\libg.a(lib_a-memset.o)
                0x080025dc                memset
 .text.startup.register_fini
                0x08002684       0x18 e:/progra~2/stmicr~1/stm32c~1/gcc-ar~1.10-/gcc-ar~1.10/bin/../lib/gcc/arm-none-eabi/10.3.1/../../../../arm-none-eabi/lib/thumb/v6-m/nofp\libg.a(lib_a-__call_atexit.o)
 .text.atexit   0x0800269c       0x10 e:/progra~2/stmicr~1/stm32c~1/gcc-ar~1.10-/gcc-ar~1.10/bin/../lib/gcc/arm-none-eabi/10.3.1/../../../../arm-none-eabi/lib/thumb/v6-m/nofp\libg.a(lib_a-atexit.o)
                0x0800269c                atexit
 .text.__libc_fini_array
                0x080026ac       0x28 e:/progra~2/stmicr~1/stm32c~1/gcc-ar~1.10-/gcc-ar~1.10/bin/../lib/gcc/arm-none-eabi/10.3.1/../../../../arm-none-eabi/lib/thumb/v6-m/nofp\libg.a(lib_a-fini.o)
                0x080026ac                __libc_fini_array
 .text.__retarget_lock_acquire_recursive
                0x080026d4        0x4 e:/progra~2/stmicr~1/stm32c~1/gcc-ar~1.10-/gcc-ar~1.10/bin/../lib/gcc/arm-none-eabi/10.3.1/../../../../arm-none-eabi/lib/thumb/v6-m/nofp\libg.a(lib_a-lock.o)
                0x080026d4                __retarget_lock_acquire_recursive
 .text.__retarget_lock_release_recursive
                0x080026d8        0x4 e:/progra~2/stmicr~1/stm32c~1/gcc-ar~1.10-/gcc-ar~1.10/bin/../lib/gcc/arm-none-eabi/10.3.1/../../../../arm-none-eabi/lib/thumb/v6-m/nofp\libg.a(lib_a-lock.o)
                0x080026d8                __retarget_lock_release_recursive
 .text.__register_exitproc
                0x080026dc       0xac e:/progra~2/stmicr~1/stm32c~1/gcc-ar~1.10-/gcc-ar~1.10/bin/../lib/gcc/arm-none-eabi/10.3.1/../../../../arm-none-eabi/lib/thumb/v6-m/nofp\libg.a(lib_a-__atexit.o)
                0x080026dc                __register_exitproc
 *(.glue_7)
 .glue_7        0x08002788        0x0 linker stubs
 *(.glue_7t)
 .glue_7t       0x08002788        0x0 linker stubs
 *(.eh_frame)
 .eh_frame      0x08002788        0x0 e:/progra~2/stmicr~1/stm32c~1/gcc-ar~1.10-/gcc-ar~1.10/bin/../lib/gcc/arm-none-eabi/10.3.1/thumb/v6-m/nofp/crtbegin.o
 *(.init)
 .init          0x08002788        0x4 e:/progra~2/stmicr~1/stm32c~1/gcc-ar~1.10-/gcc-ar~1.10/bin/../lib/gcc/arm-none-eabi/10.3.1/thumb/v6-m/nofp/crti.o
                0x08002788                _init
 .init          0x0800278c        0x8 e:/progra~2/stmicr~1/stm32c~1/gcc-ar~1.10-/gcc-ar~1.10/bin/../lib/gcc/arm-none-eabi/10.3.1/thumb/v6-m/nofp/crtn.o
 *(.fini)
 .fini          0x08002794        0x4 e:/progra~2/stmicr~1/stm32c~1/gcc-ar~1.10-/gcc-ar~1.10/bin/../lib/gcc/arm-none-eabi/10.3.1/thumb/v6-m/nofp/crti.o
                0x08002794                _fini
 .fini          0x08002798        0x8 e:/progra~2/stmicr~1/stm32c~1/gcc-ar~1.10-/gcc-ar~1.10/bin/../lib/gcc/arm-none-eabi/10.3.1/thumb/v6-m/nofp/crtn.o
                0x080027a0                . = ALIGN (0x4)
                0x080027a0                _etext = .

.vfp11_veneer   0x080027a0        0x0
 .vfp11_veneer  0x080027a0        0x0 linker stubs

.v4_bx          0x080027a0        0x0
 .v4_bx         0x080027a0        0x0 linker stubs

.iplt           0x080027a0        0x0
 .iplt          0x080027a0        0x0 e:/progra~2/stmicr~1/stm32c~1/gcc-ar~1.10-/gcc-ar~1.10/bin/../lib/gcc/arm-none-eabi/10.3.1/thumb/v6-m/nofp/crtbegin.o

.rodata         0x080027a0       0x34
                0x080027a0                . = ALIGN (0x4)
 *(.rodata)
 *(.rodata*)
 .rodata.AHBPrescTable
                0x080027a0       0x10 CMakeFiles/1_test.elf.dir/Core/Src/system_stm32f0xx.c.obj
                0x080027a0                AHBPrescTable
 .rodata.aPLLMULFactorTable.1
                0x080027b0       0x10 CMakeFiles/1_test.elf.dir/Drivers/STM32F0xx_HAL_Driver/Src/stm32f0xx_hal_rcc.c.obj
 .rodata.aPredivFactorTable.0
                0x080027c0       0x10 CMakeFiles/1_test.elf.dir/Drivers/STM32F0xx_HAL_Driver/Src/stm32f0xx_hal_rcc.c.obj
 .rodata._global_impure_ptr
                0x080027d0        0x4 e:/progra~2/stmicr~1/stm32c~1/gcc-ar~1.10-/gcc-ar~1.10/bin/../lib/gcc/arm-none-eabi/10.3.1/../../../../arm-none-eabi/lib/thumb/v6-m/nofp\libg.a(lib_a-impure.o)
                0x080027d0                _global_impure_ptr
                0x080027d4                . = ALIGN (0x4)

.ARM.extab      0x080027d4        0x0
                0x080027d4                . = ALIGN (0x4)
 *(.ARM.extab* .gnu.linkonce.armextab.*)
                0x080027d4                . = ALIGN (0x4)

.ARM            0x080027d4        0x8
                0x080027d4                . = ALIGN (0x4)
                0x080027d4                __exidx_start = .
 *(.ARM.exidx*)
 .ARM.exidx.text.Main
                0x080027d4        0x8 CMakeFiles/1_test.elf.dir/UserApp/main.cpp.obj
                0x080027dc                __exidx_end = .
                0x080027dc                . = ALIGN (0x4)

.rel.dyn        0x080027dc        0x0
 .rel.iplt      0x080027dc        0x0 e:/progra~2/stmicr~1/stm32c~1/gcc-ar~1.10-/gcc-ar~1.10/bin/../lib/gcc/arm-none-eabi/10.3.1/thumb/v6-m/nofp/crtbegin.o

.preinit_array  0x080027dc        0x0
                0x080027dc                . = ALIGN (0x4)
                0x080027dc                PROVIDE (__preinit_array_start = .)
 *(.preinit_array*)
                0x080027dc                PROVIDE (__preinit_array_end = .)
                0x080027dc                . = ALIGN (0x4)

.init_array     0x080027dc        0x8
                0x080027dc                . = ALIGN (0x4)
                0x080027dc                PROVIDE (__init_array_start = .)
 *(SORT_BY_NAME(.init_array.*))
 .init_array.00000
                0x080027dc        0x4 e:/progra~2/stmicr~1/stm32c~1/gcc-ar~1.10-/gcc-ar~1.10/bin/../lib/gcc/arm-none-eabi/10.3.1/../../../../arm-none-eabi/lib/thumb/v6-m/nofp\libg.a(lib_a-__call_atexit.o)
 *(.init_array*)
 .init_array    0x080027e0        0x4 e:/progra~2/stmicr~1/stm32c~1/gcc-ar~1.10-/gcc-ar~1.10/bin/../lib/gcc/arm-none-eabi/10.3.1/thumb/v6-m/nofp/crtbegin.o
                0x080027e4                PROVIDE (__init_array_end = .)
                0x080027e4                . = ALIGN (0x4)

.fini_array     0x080027e4        0x4
                0x080027e4                . = ALIGN (0x4)
                0x080027e4                PROVIDE (__fini_array_start = .)
 *(SORT_BY_NAME(.fini_array.*))
 *(.fini_array*)
 .fini_array    0x080027e4        0x4 e:/progra~2/stmicr~1/stm32c~1/gcc-ar~1.10-/gcc-ar~1.10/bin/../lib/gcc/arm-none-eabi/10.3.1/thumb/v6-m/nofp/crtbegin.o
                0x080027e8                PROVIDE (__fini_array_end = .)
                0x080027e8                . = ALIGN (0x4)
                0x080027e8                _sidata = LOADADDR (.data)

.data           0x20000000      0x43c load address 0x080027e8
                0x20000000                . = ALIGN (0x4)
                0x20000000                _sdata = .
 *(.data)
 *(.data*)
 .data.SystemCoreClock
                0x20000000        0x4 CMakeFiles/1_test.elf.dir/Core/Src/system_stm32f0xx.c.obj
                0x20000000                SystemCoreClock
 .data.uwTickFreq
                0x20000004        0x1 CMakeFiles/1_test.elf.dir/Drivers/STM32F0xx_HAL_Driver/Src/stm32f0xx_hal.c.obj
                0x20000004                uwTickFreq
 *fill*         0x20000005        0x3 
 .data.uwTickPrio
                0x20000008        0x4 CMakeFiles/1_test.elf.dir/Drivers/STM32F0xx_HAL_Driver/Src/stm32f0xx_hal.c.obj
                0x20000008                uwTickPrio
 *fill*         0x2000000c        0x4 
 .data.impure_data
                0x20000010      0x428 e:/progra~2/stmicr~1/stm32c~1/gcc-ar~1.10-/gcc-ar~1.10/bin/../lib/gcc/arm-none-eabi/10.3.1/../../../../arm-none-eabi/lib/thumb/v6-m/nofp\libg.a(lib_a-impure.o)
 .data.__atexit_recursive_mutex
                0x20000438        0x4 e:/progra~2/stmicr~1/stm32c~1/gcc-ar~1.10-/gcc-ar~1.10/bin/../lib/gcc/arm-none-eabi/10.3.1/../../../../arm-none-eabi/lib/thumb/v6-m/nofp\libg.a(lib_a-__call_atexit.o)
                0x20000438                __atexit_recursive_mutex
 *(.RamFunc)
 *(.RamFunc*)
                0x2000043c                . = ALIGN (0x4)
                0x2000043c                _edata = .

.igot.plt       0x2000043c        0x0 load address 0x08002c24
 .igot.plt      0x2000043c        0x0 e:/progra~2/stmicr~1/stm32c~1/gcc-ar~1.10-/gcc-ar~1.10/bin/../lib/gcc/arm-none-eabi/10.3.1/thumb/v6-m/nofp/crtbegin.o
                0x2000043c                . = ALIGN (0x4)

.bss            0x2000043c      0x18c load address 0x08002c24
                0x2000043c                _sbss = .
                0x2000043c                __bss_start__ = _sbss
 *(.bss)
 .bss           0x2000043c       0x1c e:/progra~2/stmicr~1/stm32c~1/gcc-ar~1.10-/gcc-ar~1.10/bin/../lib/gcc/arm-none-eabi/10.3.1/thumb/v6-m/nofp/crtbegin.o
 *(.bss*)
 .bss.hadc      0x20000458       0x40 CMakeFiles/1_test.elf.dir/Core/Src/adc.c.obj
                0x20000458                hadc
 .bss.hdma_adc  0x20000498       0x44 CMakeFiles/1_test.elf.dir/Core/Src/adc.c.obj
                0x20000498                hdma_adc
 .bss.hi2c1     0x200004dc       0x54 CMakeFiles/1_test.elf.dir/Core/Src/i2c.c.obj
                0x200004dc                hi2c1
 .bss.htim14    0x20000530       0x48 CMakeFiles/1_test.elf.dir/Core/Src/tim.c.obj
                0x20000530                htim14
 .bss.htim3     0x20000578       0x48 CMakeFiles/1_test.elf.dir/Core/Src/tim.c.obj
                0x20000578                htim3
 .bss.uwTick    0x200005c0        0x4 CMakeFiles/1_test.elf.dir/Drivers/STM32F0xx_HAL_Driver/Src/stm32f0xx_hal.c.obj
                0x200005c0                uwTick
 .bss.__lock___atexit_recursive_mutex
                0x200005c4        0x1 e:/progra~2/stmicr~1/stm32c~1/gcc-ar~1.10-/gcc-ar~1.10/bin/../lib/gcc/arm-none-eabi/10.3.1/../../../../arm-none-eabi/lib/thumb/v6-m/nofp\libg.a(lib_a-lock.o)
                0x200005c4                __lock___atexit_recursive_mutex
 *(COMMON)
                0x200005c8                . = ALIGN (0x4)
 *fill*         0x200005c5        0x3 
                0x200005c8                _ebss = .
                0x200005c8                __bss_end__ = _ebss

._user_heap_stack
                0x200005c8      0x600 load address 0x08002c24
                0x200005c8                . = ALIGN (0x8)
                [!provide]                PROVIDE (end = .)
                0x200005c8                PROVIDE (_end = .)
                0x200007c8                . = (. + _Min_Heap_Size)
 *fill*         0x200005c8      0x200 
                0x20000bc8                . = (. + _Min_Stack_Size)
 *fill*         0x200007c8      0x400 
                0x20000bc8                . = ALIGN (0x8)

/DISCARD/
 libc.a(*)
 libm.a(*)
 libgcc.a(*)

.ARM.attributes
                0x00000000       0x28
 *(.ARM.attributes)
 .ARM.attributes
                0x00000000       0x1e e:/progra~2/stmicr~1/stm32c~1/gcc-ar~1.10-/gcc-ar~1.10/bin/../lib/gcc/arm-none-eabi/10.3.1/thumb/v6-m/nofp/crti.o
 .ARM.attributes
                0x0000001e       0x2c e:/progra~2/stmicr~1/stm32c~1/gcc-ar~1.10-/gcc-ar~1.10/bin/../lib/gcc/arm-none-eabi/10.3.1/thumb/v6-m/nofp/crtbegin.o
 .ARM.attributes
                0x0000004a       0x2c CMakeFiles/1_test.elf.dir/Core/Src/adc.c.obj
 .ARM.attributes
                0x00000076       0x2c CMakeFiles/1_test.elf.dir/Core/Src/dma.c.obj
 .ARM.attributes
                0x000000a2       0x2c CMakeFiles/1_test.elf.dir/Core/Src/gpio.c.obj
 .ARM.attributes
                0x000000ce       0x2c CMakeFiles/1_test.elf.dir/Core/Src/i2c.c.obj
 .ARM.attributes
                0x000000fa       0x2c CMakeFiles/1_test.elf.dir/Core/Src/main.c.obj
 .ARM.attributes
                0x00000126       0x2c CMakeFiles/1_test.elf.dir/Core/Src/stm32f0xx_hal_msp.c.obj
 .ARM.attributes
                0x00000152       0x2c CMakeFiles/1_test.elf.dir/Core/Src/stm32f0xx_it.c.obj
 .ARM.attributes
                0x0000017e       0x2c CMakeFiles/1_test.elf.dir/Core/Src/system_stm32f0xx.c.obj
 .ARM.attributes
                0x000001aa       0x2c CMakeFiles/1_test.elf.dir/Core/Src/tim.c.obj
 .ARM.attributes
                0x000001d6       0x21 CMakeFiles/1_test.elf.dir/Core/Startup/startup_stm32f030f4px.s.obj
 .ARM.attributes
                0x000001f7       0x2c CMakeFiles/1_test.elf.dir/Drivers/STM32F0xx_HAL_Driver/Src/stm32f0xx_hal.c.obj
 .ARM.attributes
                0x00000223       0x2c CMakeFiles/1_test.elf.dir/Drivers/STM32F0xx_HAL_Driver/Src/stm32f0xx_hal_adc.c.obj
 .ARM.attributes
                0x0000024f       0x2c CMakeFiles/1_test.elf.dir/Drivers/STM32F0xx_HAL_Driver/Src/stm32f0xx_hal_cortex.c.obj
 .ARM.attributes
                0x0000027b       0x2c CMakeFiles/1_test.elf.dir/Drivers/STM32F0xx_HAL_Driver/Src/stm32f0xx_hal_dma.c.obj
 .ARM.attributes
                0x000002a7       0x2c CMakeFiles/1_test.elf.dir/Drivers/STM32F0xx_HAL_Driver/Src/stm32f0xx_hal_gpio.c.obj
 .ARM.attributes
                0x000002d3       0x2c CMakeFiles/1_test.elf.dir/Drivers/STM32F0xx_HAL_Driver/Src/stm32f0xx_hal_i2c.c.obj
 .ARM.attributes
                0x000002ff       0x2c CMakeFiles/1_test.elf.dir/Drivers/STM32F0xx_HAL_Driver/Src/stm32f0xx_hal_i2c_ex.c.obj
 .ARM.attributes
                0x0000032b       0x2c CMakeFiles/1_test.elf.dir/Drivers/STM32F0xx_HAL_Driver/Src/stm32f0xx_hal_rcc.c.obj
 .ARM.attributes
                0x00000357       0x2c CMakeFiles/1_test.elf.dir/Drivers/STM32F0xx_HAL_Driver/Src/stm32f0xx_hal_rcc_ex.c.obj
 .ARM.attributes
                0x00000383       0x2c CMakeFiles/1_test.elf.dir/Drivers/STM32F0xx_HAL_Driver/Src/stm32f0xx_hal_tim.c.obj
 .ARM.attributes
                0x000003af       0x2c CMakeFiles/1_test.elf.dir/Drivers/STM32F0xx_HAL_Driver/Src/stm32f0xx_hal_tim_ex.c.obj
 .ARM.attributes
                0x000003db       0x2c CMakeFiles/1_test.elf.dir/UserApp/main.cpp.obj
 .ARM.attributes
                0x00000407       0x1e e:/progra~2/stmicr~1/stm32c~1/gcc-ar~1.10-/gcc-ar~1.10/bin/../lib/gcc/arm-none-eabi/10.3.1/thumb/v6-m/nofp\libgcc.a(_udivsi3.o)
 .ARM.attributes
                0x00000425       0x1e e:/progra~2/stmicr~1/stm32c~1/gcc-ar~1.10-/gcc-ar~1.10/bin/../lib/gcc/arm-none-eabi/10.3.1/thumb/v6-m/nofp\libgcc.a(_dvmd_tls.o)
 .ARM.attributes
                0x00000443       0x2c e:/progra~2/stmicr~1/stm32c~1/gcc-ar~1.10-/gcc-ar~1.10/bin/../lib/gcc/arm-none-eabi/10.3.1/../../../../arm-none-eabi/lib/thumb/v6-m/nofp\libg.a(lib_a-impure.o)
 .ARM.attributes
                0x0000046f       0x2c e:/progra~2/stmicr~1/stm32c~1/gcc-ar~1.10-/gcc-ar~1.10/bin/../lib/gcc/arm-none-eabi/10.3.1/../../../../arm-none-eabi/lib/thumb/v6-m/nofp\libg.a(lib_a-init.o)
 .ARM.attributes
                0x0000049b       0x2c e:/progra~2/stmicr~1/stm32c~1/gcc-ar~1.10-/gcc-ar~1.10/bin/../lib/gcc/arm-none-eabi/10.3.1/../../../../arm-none-eabi/lib/thumb/v6-m/nofp\libg.a(lib_a-memset.o)
 .ARM.attributes
                0x000004c7       0x2c e:/progra~2/stmicr~1/stm32c~1/gcc-ar~1.10-/gcc-ar~1.10/bin/../lib/gcc/arm-none-eabi/10.3.1/../../../../arm-none-eabi/lib/thumb/v6-m/nofp\libg.a(lib_a-__call_atexit.o)
 .ARM.attributes
                0x000004f3       0x2c e:/progra~2/stmicr~1/stm32c~1/gcc-ar~1.10-/gcc-ar~1.10/bin/../lib/gcc/arm-none-eabi/10.3.1/../../../../arm-none-eabi/lib/thumb/v6-m/nofp\libg.a(lib_a-atexit.o)
 .ARM.attributes
                0x0000051f       0x2c e:/progra~2/stmicr~1/stm32c~1/gcc-ar~1.10-/gcc-ar~1.10/bin/../lib/gcc/arm-none-eabi/10.3.1/../../../../arm-none-eabi/lib/thumb/v6-m/nofp\libg.a(lib_a-fini.o)
 .ARM.attributes
                0x0000054b       0x2c e:/progra~2/stmicr~1/stm32c~1/gcc-ar~1.10-/gcc-ar~1.10/bin/../lib/gcc/arm-none-eabi/10.3.1/../../../../arm-none-eabi/lib/thumb/v6-m/nofp\libg.a(lib_a-lock.o)
 .ARM.attributes
                0x00000577       0x2c e:/progra~2/stmicr~1/stm32c~1/gcc-ar~1.10-/gcc-ar~1.10/bin/../lib/gcc/arm-none-eabi/10.3.1/../../../../arm-none-eabi/lib/thumb/v6-m/nofp\libg.a(lib_a-__atexit.o)
 .ARM.attributes
                0x000005a3       0x1e e:/progra~2/stmicr~1/stm32c~1/gcc-ar~1.10-/gcc-ar~1.10/bin/../lib/gcc/arm-none-eabi/10.3.1/thumb/v6-m/nofp/crtn.o
OUTPUT(1_test.elf elf32-littlearm)
LOAD linker stubs
LOAD e:/progra~2/stmicr~1/stm32c~1/gcc-ar~1.10-/gcc-ar~1.10/bin/../lib/gcc/arm-none-eabi/10.3.1/../../../../arm-none-eabi/lib/thumb/v6-m/nofp\libc.a
LOAD e:/progra~2/stmicr~1/stm32c~1/gcc-ar~1.10-/gcc-ar~1.10/bin/../lib/gcc/arm-none-eabi/10.3.1/../../../../arm-none-eabi/lib/thumb/v6-m/nofp\libm.a
LOAD e:/progra~2/stmicr~1/stm32c~1/gcc-ar~1.10-/gcc-ar~1.10/bin/../lib/gcc/arm-none-eabi/10.3.1/thumb/v6-m/nofp\libgcc.a

.debug_info     0x00000000    0x11ed6
 .debug_info    0x00000000      0xa87 CMakeFiles/1_test.elf.dir/Core/Src/adc.c.obj
 .debug_info    0x00000a87      0x288 CMakeFiles/1_test.elf.dir/Core/Src/dma.c.obj
 .debug_info    0x00000d0f      0x379 CMakeFiles/1_test.elf.dir/Core/Src/gpio.c.obj
 .debug_info    0x00001088      0xaf1 CMakeFiles/1_test.elf.dir/Core/Src/i2c.c.obj
 .debug_info    0x00001b79      0x459 CMakeFiles/1_test.elf.dir/Core/Src/main.c.obj
 .debug_info    0x00001fd2      0x1b4 CMakeFiles/1_test.elf.dir/Core/Src/stm32f0xx_hal_msp.c.obj
 .debug_info    0x00002186      0xce9 CMakeFiles/1_test.elf.dir/Core/Src/stm32f0xx_it.c.obj
 .debug_info    0x00002e6f      0x28b CMakeFiles/1_test.elf.dir/Core/Src/system_stm32f0xx.c.obj
 .debug_info    0x000030fa      0xd28 CMakeFiles/1_test.elf.dir/Core/Src/tim.c.obj
 .debug_info    0x00003e22       0x22 CMakeFiles/1_test.elf.dir/Core/Startup/startup_stm32f030f4px.s.obj
 .debug_info    0x00003e44      0x719 CMakeFiles/1_test.elf.dir/Drivers/STM32F0xx_HAL_Driver/Src/stm32f0xx_hal.c.obj
 .debug_info    0x0000455d      0xfc8 CMakeFiles/1_test.elf.dir/Drivers/STM32F0xx_HAL_Driver/Src/stm32f0xx_hal_adc.c.obj
 .debug_info    0x00005525      0x81c CMakeFiles/1_test.elf.dir/Drivers/STM32F0xx_HAL_Driver/Src/stm32f0xx_hal_cortex.c.obj
 .debug_info    0x00005d41      0x89e CMakeFiles/1_test.elf.dir/Drivers/STM32F0xx_HAL_Driver/Src/stm32f0xx_hal_dma.c.obj
 .debug_info    0x000065df      0x64a CMakeFiles/1_test.elf.dir/Drivers/STM32F0xx_HAL_Driver/Src/stm32f0xx_hal_gpio.c.obj
 .debug_info    0x00006c29     0x443f CMakeFiles/1_test.elf.dir/Drivers/STM32F0xx_HAL_Driver/Src/stm32f0xx_hal_i2c.c.obj
 .debug_info    0x0000b068      0x861 CMakeFiles/1_test.elf.dir/Drivers/STM32F0xx_HAL_Driver/Src/stm32f0xx_hal_i2c_ex.c.obj
 .debug_info    0x0000b8c9      0xa66 CMakeFiles/1_test.elf.dir/Drivers/STM32F0xx_HAL_Driver/Src/stm32f0xx_hal_rcc.c.obj
 .debug_info    0x0000c32f      0x3dc CMakeFiles/1_test.elf.dir/Drivers/STM32F0xx_HAL_Driver/Src/stm32f0xx_hal_rcc_ex.c.obj
 .debug_info    0x0000c70b     0x3d44 CMakeFiles/1_test.elf.dir/Drivers/STM32F0xx_HAL_Driver/Src/stm32f0xx_hal_tim.c.obj
 .debug_info    0x0001044f     0x1a4f CMakeFiles/1_test.elf.dir/Drivers/STM32F0xx_HAL_Driver/Src/stm32f0xx_hal_tim_ex.c.obj
 .debug_info    0x00011e9e       0x38 CMakeFiles/1_test.elf.dir/UserApp/main.cpp.obj

.debug_abbrev   0x00000000     0x256c
 .debug_abbrev  0x00000000      0x200 CMakeFiles/1_test.elf.dir/Core/Src/adc.c.obj
 .debug_abbrev  0x00000200      0x114 CMakeFiles/1_test.elf.dir/Core/Src/dma.c.obj
 .debug_abbrev  0x00000314      0x15f CMakeFiles/1_test.elf.dir/Core/Src/gpio.c.obj
 .debug_abbrev  0x00000473      0x1f8 CMakeFiles/1_test.elf.dir/Core/Src/i2c.c.obj
 .debug_abbrev  0x0000066b      0x182 CMakeFiles/1_test.elf.dir/Core/Src/main.c.obj
 .debug_abbrev  0x000007ed       0xbf CMakeFiles/1_test.elf.dir/Core/Src/stm32f0xx_hal_msp.c.obj
 .debug_abbrev  0x000008ac      0x195 CMakeFiles/1_test.elf.dir/Core/Src/stm32f0xx_it.c.obj
 .debug_abbrev  0x00000a41      0x131 CMakeFiles/1_test.elf.dir/Core/Src/system_stm32f0xx.c.obj
 .debug_abbrev  0x00000b72      0x21a CMakeFiles/1_test.elf.dir/Core/Src/tim.c.obj
 .debug_abbrev  0x00000d8c       0x12 CMakeFiles/1_test.elf.dir/Core/Startup/startup_stm32f030f4px.s.obj
 .debug_abbrev  0x00000d9e      0x245 CMakeFiles/1_test.elf.dir/Drivers/STM32F0xx_HAL_Driver/Src/stm32f0xx_hal.c.obj
 .debug_abbrev  0x00000fe3      0x20f CMakeFiles/1_test.elf.dir/Drivers/STM32F0xx_HAL_Driver/Src/stm32f0xx_hal_adc.c.obj
 .debug_abbrev  0x000011f2      0x293 CMakeFiles/1_test.elf.dir/Drivers/STM32F0xx_HAL_Driver/Src/stm32f0xx_hal_cortex.c.obj
 .debug_abbrev  0x00001485      0x1f0 CMakeFiles/1_test.elf.dir/Drivers/STM32F0xx_HAL_Driver/Src/stm32f0xx_hal_dma.c.obj
 .debug_abbrev  0x00001675      0x1e6 CMakeFiles/1_test.elf.dir/Drivers/STM32F0xx_HAL_Driver/Src/stm32f0xx_hal_gpio.c.obj
 .debug_abbrev  0x0000185b      0x26a CMakeFiles/1_test.elf.dir/Drivers/STM32F0xx_HAL_Driver/Src/stm32f0xx_hal_i2c.c.obj
 .debug_abbrev  0x00001ac5      0x1c4 CMakeFiles/1_test.elf.dir/Drivers/STM32F0xx_HAL_Driver/Src/stm32f0xx_hal_i2c_ex.c.obj
 .debug_abbrev  0x00001c89      0x260 CMakeFiles/1_test.elf.dir/Drivers/STM32F0xx_HAL_Driver/Src/stm32f0xx_hal_rcc.c.obj
 .debug_abbrev  0x00001ee9      0x1a8 CMakeFiles/1_test.elf.dir/Drivers/STM32F0xx_HAL_Driver/Src/stm32f0xx_hal_rcc_ex.c.obj
 .debug_abbrev  0x00002091      0x256 CMakeFiles/1_test.elf.dir/Drivers/STM32F0xx_HAL_Driver/Src/stm32f0xx_hal_tim.c.obj
 .debug_abbrev  0x000022e7      0x259 CMakeFiles/1_test.elf.dir/Drivers/STM32F0xx_HAL_Driver/Src/stm32f0xx_hal_tim_ex.c.obj
 .debug_abbrev  0x00002540       0x2c CMakeFiles/1_test.elf.dir/UserApp/main.cpp.obj

.debug_loc      0x00000000     0xfbe8
 .debug_loc     0x00000000       0x8b CMakeFiles/1_test.elf.dir/Core/Src/adc.c.obj
 .debug_loc     0x0000008b       0x91 CMakeFiles/1_test.elf.dir/Core/Src/i2c.c.obj
 .debug_loc     0x0000011c      0x167 CMakeFiles/1_test.elf.dir/Core/Src/system_stm32f0xx.c.obj
 .debug_loc     0x00000283       0xc3 CMakeFiles/1_test.elf.dir/Core/Src/tim.c.obj
 .debug_loc     0x00000346      0x141 CMakeFiles/1_test.elf.dir/Drivers/STM32F0xx_HAL_Driver/Src/stm32f0xx_hal.c.obj
 .debug_loc     0x00000487      0xe88 CMakeFiles/1_test.elf.dir/Drivers/STM32F0xx_HAL_Driver/Src/stm32f0xx_hal_adc.c.obj
 .debug_loc     0x0000130f      0x433 CMakeFiles/1_test.elf.dir/Drivers/STM32F0xx_HAL_Driver/Src/stm32f0xx_hal_cortex.c.obj
 .debug_loc     0x00001742      0x91b CMakeFiles/1_test.elf.dir/Drivers/STM32F0xx_HAL_Driver/Src/stm32f0xx_hal_dma.c.obj
 .debug_loc     0x0000205d      0x388 CMakeFiles/1_test.elf.dir/Drivers/STM32F0xx_HAL_Driver/Src/stm32f0xx_hal_gpio.c.obj
 .debug_loc     0x000023e5     0x534f CMakeFiles/1_test.elf.dir/Drivers/STM32F0xx_HAL_Driver/Src/stm32f0xx_hal_i2c.c.obj
 .debug_loc     0x00007734      0x152 CMakeFiles/1_test.elf.dir/Drivers/STM32F0xx_HAL_Driver/Src/stm32f0xx_hal_i2c_ex.c.obj
 .debug_loc     0x00007886      0x614 CMakeFiles/1_test.elf.dir/Drivers/STM32F0xx_HAL_Driver/Src/stm32f0xx_hal_rcc.c.obj
 .debug_loc     0x00007e9a      0x397 CMakeFiles/1_test.elf.dir/Drivers/STM32F0xx_HAL_Driver/Src/stm32f0xx_hal_rcc_ex.c.obj
 .debug_loc     0x00008231     0x5745 CMakeFiles/1_test.elf.dir/Drivers/STM32F0xx_HAL_Driver/Src/stm32f0xx_hal_tim.c.obj
 .debug_loc     0x0000d976     0x2272 CMakeFiles/1_test.elf.dir/Drivers/STM32F0xx_HAL_Driver/Src/stm32f0xx_hal_tim_ex.c.obj

.debug_aranges  0x00000000      0xdf0
 .debug_aranges
                0x00000000       0x30 CMakeFiles/1_test.elf.dir/Core/Src/adc.c.obj
 .debug_aranges
                0x00000030       0x20 CMakeFiles/1_test.elf.dir/Core/Src/dma.c.obj
 .debug_aranges
                0x00000050       0x20 CMakeFiles/1_test.elf.dir/Core/Src/gpio.c.obj
 .debug_aranges
                0x00000070       0x30 CMakeFiles/1_test.elf.dir/Core/Src/i2c.c.obj
 .debug_aranges
                0x000000a0       0x30 CMakeFiles/1_test.elf.dir/Core/Src/main.c.obj
 .debug_aranges
                0x000000d0       0x20 CMakeFiles/1_test.elf.dir/Core/Src/stm32f0xx_hal_msp.c.obj
 .debug_aranges
                0x000000f0       0x60 CMakeFiles/1_test.elf.dir/Core/Src/stm32f0xx_it.c.obj
 .debug_aranges
                0x00000150       0x28 CMakeFiles/1_test.elf.dir/Core/Src/system_stm32f0xx.c.obj
 .debug_aranges
                0x00000178       0x50 CMakeFiles/1_test.elf.dir/Core/Src/tim.c.obj
 .debug_aranges
                0x000001c8       0x28 CMakeFiles/1_test.elf.dir/Core/Startup/startup_stm32f030f4px.s.obj
 .debug_aranges
                0x000001f0       0xd0 CMakeFiles/1_test.elf.dir/Drivers/STM32F0xx_HAL_Driver/Src/stm32f0xx_hal.c.obj
 .debug_aranges
                0x000002c0       0xf8 CMakeFiles/1_test.elf.dir/Drivers/STM32F0xx_HAL_Driver/Src/stm32f0xx_hal_adc.c.obj
 .debug_aranges
                0x000003b8       0x78 CMakeFiles/1_test.elf.dir/Drivers/STM32F0xx_HAL_Driver/Src/stm32f0xx_hal_cortex.c.obj
 .debug_aranges
                0x00000430       0x88 CMakeFiles/1_test.elf.dir/Drivers/STM32F0xx_HAL_Driver/Src/stm32f0xx_hal_dma.c.obj
 .debug_aranges
                0x000004b8       0x58 CMakeFiles/1_test.elf.dir/Drivers/STM32F0xx_HAL_Driver/Src/stm32f0xx_hal_gpio.c.obj
 .debug_aranges
                0x00000510      0x2a0 CMakeFiles/1_test.elf.dir/Drivers/STM32F0xx_HAL_Driver/Src/stm32f0xx_hal_i2c.c.obj
 .debug_aranges
                0x000007b0       0x38 CMakeFiles/1_test.elf.dir/Drivers/STM32F0xx_HAL_Driver/Src/stm32f0xx_hal_i2c_ex.c.obj
 .debug_aranges
                0x000007e8       0x80 CMakeFiles/1_test.elf.dir/Drivers/STM32F0xx_HAL_Driver/Src/stm32f0xx_hal_rcc.c.obj
 .debug_aranges
                0x00000868       0x30 CMakeFiles/1_test.elf.dir/Drivers/STM32F0xx_HAL_Driver/Src/stm32f0xx_hal_rcc_ex.c.obj
 .debug_aranges
                0x00000898      0x3d0 CMakeFiles/1_test.elf.dir/Drivers/STM32F0xx_HAL_Driver/Src/stm32f0xx_hal_tim.c.obj
 .debug_aranges
                0x00000c68      0x168 CMakeFiles/1_test.elf.dir/Drivers/STM32F0xx_HAL_Driver/Src/stm32f0xx_hal_tim_ex.c.obj
 .debug_aranges
                0x00000dd0       0x20 CMakeFiles/1_test.elf.dir/UserApp/main.cpp.obj

.debug_ranges   0x00000000      0xd28
 .debug_ranges  0x00000000       0x20 CMakeFiles/1_test.elf.dir/Core/Src/adc.c.obj
 .debug_ranges  0x00000020       0x10 CMakeFiles/1_test.elf.dir/Core/Src/dma.c.obj
 .debug_ranges  0x00000030       0x10 CMakeFiles/1_test.elf.dir/Core/Src/gpio.c.obj
 .debug_ranges  0x00000040       0x20 CMakeFiles/1_test.elf.dir/Core/Src/i2c.c.obj
 .debug_ranges  0x00000060       0x20 CMakeFiles/1_test.elf.dir/Core/Src/main.c.obj
 .debug_ranges  0x00000080       0x10 CMakeFiles/1_test.elf.dir/Core/Src/stm32f0xx_hal_msp.c.obj
 .debug_ranges  0x00000090       0x50 CMakeFiles/1_test.elf.dir/Core/Src/stm32f0xx_it.c.obj
 .debug_ranges  0x000000e0       0x18 CMakeFiles/1_test.elf.dir/Core/Src/system_stm32f0xx.c.obj
 .debug_ranges  0x000000f8       0x40 CMakeFiles/1_test.elf.dir/Core/Src/tim.c.obj
 .debug_ranges  0x00000138       0x20 CMakeFiles/1_test.elf.dir/Core/Startup/startup_stm32f030f4px.s.obj
 .debug_ranges  0x00000158       0xc0 CMakeFiles/1_test.elf.dir/Drivers/STM32F0xx_HAL_Driver/Src/stm32f0xx_hal.c.obj
 .debug_ranges  0x00000218       0xe8 CMakeFiles/1_test.elf.dir/Drivers/STM32F0xx_HAL_Driver/Src/stm32f0xx_hal_adc.c.obj
 .debug_ranges  0x00000300       0xc8 CMakeFiles/1_test.elf.dir/Drivers/STM32F0xx_HAL_Driver/Src/stm32f0xx_hal_cortex.c.obj
 .debug_ranges  0x000003c8       0x78 CMakeFiles/1_test.elf.dir/Drivers/STM32F0xx_HAL_Driver/Src/stm32f0xx_hal_dma.c.obj
 .debug_ranges  0x00000440       0x48 CMakeFiles/1_test.elf.dir/Drivers/STM32F0xx_HAL_Driver/Src/stm32f0xx_hal_gpio.c.obj
 .debug_ranges  0x00000488      0x290 CMakeFiles/1_test.elf.dir/Drivers/STM32F0xx_HAL_Driver/Src/stm32f0xx_hal_i2c.c.obj
 .debug_ranges  0x00000718       0x28 CMakeFiles/1_test.elf.dir/Drivers/STM32F0xx_HAL_Driver/Src/stm32f0xx_hal_i2c_ex.c.obj
 .debug_ranges  0x00000740       0x88 CMakeFiles/1_test.elf.dir/Drivers/STM32F0xx_HAL_Driver/Src/stm32f0xx_hal_rcc.c.obj
 .debug_ranges  0x000007c8       0x38 CMakeFiles/1_test.elf.dir/Drivers/STM32F0xx_HAL_Driver/Src/stm32f0xx_hal_rcc_ex.c.obj
 .debug_ranges  0x00000800      0x3c0 CMakeFiles/1_test.elf.dir/Drivers/STM32F0xx_HAL_Driver/Src/stm32f0xx_hal_tim.c.obj
 .debug_ranges  0x00000bc0      0x158 CMakeFiles/1_test.elf.dir/Drivers/STM32F0xx_HAL_Driver/Src/stm32f0xx_hal_tim_ex.c.obj
 .debug_ranges  0x00000d18       0x10 CMakeFiles/1_test.elf.dir/UserApp/main.cpp.obj

.debug_line     0x00000000    0x11512
 .debug_line    0x00000000      0x40b CMakeFiles/1_test.elf.dir/Core/Src/adc.c.obj
 .debug_line    0x0000040b      0x1d9 CMakeFiles/1_test.elf.dir/Core/Src/dma.c.obj
 .debug_line    0x000005e4      0x214 CMakeFiles/1_test.elf.dir/Core/Src/gpio.c.obj
 .debug_line    0x000007f8      0x39c CMakeFiles/1_test.elf.dir/Core/Src/i2c.c.obj
 .debug_line    0x00000b94      0x39c CMakeFiles/1_test.elf.dir/Core/Src/main.c.obj
 .debug_line    0x00000f30      0x197 CMakeFiles/1_test.elf.dir/Core/Src/stm32f0xx_hal_msp.c.obj
 .debug_line    0x000010c7      0x346 CMakeFiles/1_test.elf.dir/Core/Src/stm32f0xx_it.c.obj
 .debug_line    0x0000140d      0x24f CMakeFiles/1_test.elf.dir/Core/Src/system_stm32f0xx.c.obj
 .debug_line    0x0000165c      0x4a7 CMakeFiles/1_test.elf.dir/Core/Src/tim.c.obj
 .debug_line    0x00001b03       0xa0 CMakeFiles/1_test.elf.dir/Core/Startup/startup_stm32f030f4px.s.obj
 .debug_line    0x00001ba3      0x564 CMakeFiles/1_test.elf.dir/Drivers/STM32F0xx_HAL_Driver/Src/stm32f0xx_hal.c.obj
 .debug_line    0x00002107     0x103d CMakeFiles/1_test.elf.dir/Drivers/STM32F0xx_HAL_Driver/Src/stm32f0xx_hal_adc.c.obj
 .debug_line    0x00003144      0x55b CMakeFiles/1_test.elf.dir/Drivers/STM32F0xx_HAL_Driver/Src/stm32f0xx_hal_cortex.c.obj
 .debug_line    0x0000369f      0xa43 CMakeFiles/1_test.elf.dir/Drivers/STM32F0xx_HAL_Driver/Src/stm32f0xx_hal_dma.c.obj
 .debug_line    0x000040e2      0x6a3 CMakeFiles/1_test.elf.dir/Drivers/STM32F0xx_HAL_Driver/Src/stm32f0xx_hal_gpio.c.obj
 .debug_line    0x00004785     0x5300 CMakeFiles/1_test.elf.dir/Drivers/STM32F0xx_HAL_Driver/Src/stm32f0xx_hal_i2c.c.obj
 .debug_line    0x00009a85      0x3e3 CMakeFiles/1_test.elf.dir/Drivers/STM32F0xx_HAL_Driver/Src/stm32f0xx_hal_i2c_ex.c.obj
 .debug_line    0x00009e68      0xb9a CMakeFiles/1_test.elf.dir/Drivers/STM32F0xx_HAL_Driver/Src/stm32f0xx_hal_rcc.c.obj
 .debug_line    0x0000aa02      0x4cf CMakeFiles/1_test.elf.dir/Drivers/STM32F0xx_HAL_Driver/Src/stm32f0xx_hal_rcc_ex.c.obj
 .debug_line    0x0000aed1     0x4a39 CMakeFiles/1_test.elf.dir/Drivers/STM32F0xx_HAL_Driver/Src/stm32f0xx_hal_tim.c.obj
 .debug_line    0x0000f90a     0x1bac CMakeFiles/1_test.elf.dir/Drivers/STM32F0xx_HAL_Driver/Src/stm32f0xx_hal_tim_ex.c.obj
 .debug_line    0x000114b6       0x5c CMakeFiles/1_test.elf.dir/UserApp/main.cpp.obj

.debug_str      0x00000000     0x4079
 .debug_str     0x00000000      0x806 CMakeFiles/1_test.elf.dir/Core/Src/adc.c.obj
                                0x8a8 (size before relaxing)
 .debug_str     0x00000806       0x35 CMakeFiles/1_test.elf.dir/Core/Src/dma.c.obj
                                0x39b (size before relaxing)
 .debug_str     0x0000083b       0x65 CMakeFiles/1_test.elf.dir/Core/Src/gpio.c.obj
                                0x2fb (size before relaxing)
 .debug_str     0x000008a0      0x326 CMakeFiles/1_test.elf.dir/Core/Src/i2c.c.obj
                                0x992 (size before relaxing)
 .debug_str     0x00000bc6      0x249 CMakeFiles/1_test.elf.dir/Core/Src/main.c.obj
                                0x45c (size before relaxing)
 .debug_str     0x00000e0f       0x43 CMakeFiles/1_test.elf.dir/Core/Src/stm32f0xx_hal_msp.c.obj
                                0x232 (size before relaxing)
 .debug_str     0x00000e52      0x3df CMakeFiles/1_test.elf.dir/Core/Src/stm32f0xx_it.c.obj
                                0xc0f (size before relaxing)
 .debug_str     0x00001231       0xb0 CMakeFiles/1_test.elf.dir/Core/Src/system_stm32f0xx.c.obj
                                0x2aa (size before relaxing)
 .debug_str     0x000012e1      0x1d2 CMakeFiles/1_test.elf.dir/Core/Src/tim.c.obj
                                0xb0a (size before relaxing)
 .debug_str     0x000014b3       0x4d CMakeFiles/1_test.elf.dir/Core/Startup/startup_stm32f030f4px.s.obj
                                 0x79 (size before relaxing)
 .debug_str     0x00001500      0x2c7 CMakeFiles/1_test.elf.dir/Drivers/STM32F0xx_HAL_Driver/Src/stm32f0xx_hal.c.obj
                                0x6a1 (size before relaxing)
 .debug_str     0x000017c7      0x303 CMakeFiles/1_test.elf.dir/Drivers/STM32F0xx_HAL_Driver/Src/stm32f0xx_hal_adc.c.obj
                                0x92b (size before relaxing)
 .debug_str     0x00001aca      0x25d CMakeFiles/1_test.elf.dir/Drivers/STM32F0xx_HAL_Driver/Src/stm32f0xx_hal_cortex.c.obj
                                0x5ec (size before relaxing)
 .debug_str     0x00001d27      0x220 CMakeFiles/1_test.elf.dir/Drivers/STM32F0xx_HAL_Driver/Src/stm32f0xx_hal_dma.c.obj
                                0x650 (size before relaxing)
 .debug_str     0x00001f47      0x122 CMakeFiles/1_test.elf.dir/Drivers/STM32F0xx_HAL_Driver/Src/stm32f0xx_hal_gpio.c.obj
                                0x42d (size before relaxing)
 .debug_str     0x00002069      0x8aa CMakeFiles/1_test.elf.dir/Drivers/STM32F0xx_HAL_Driver/Src/stm32f0xx_hal_i2c.c.obj
                                0xff9 (size before relaxing)
 .debug_str     0x00002913       0xa0 CMakeFiles/1_test.elf.dir/Drivers/STM32F0xx_HAL_Driver/Src/stm32f0xx_hal_i2c_ex.c.obj
                                0x7cb (size before relaxing)
 .debug_str     0x000029b3      0x1e2 CMakeFiles/1_test.elf.dir/Drivers/STM32F0xx_HAL_Driver/Src/stm32f0xx_hal_rcc.c.obj
                                0x68e (size before relaxing)
 .debug_str     0x00002b95       0xae CMakeFiles/1_test.elf.dir/Drivers/STM32F0xx_HAL_Driver/Src/stm32f0xx_hal_rcc_ex.c.obj
                                0x3e5 (size before relaxing)
 .debug_str     0x00002c43      0xe07 CMakeFiles/1_test.elf.dir/Drivers/STM32F0xx_HAL_Driver/Src/stm32f0xx_hal_tim.c.obj
                               0x167c (size before relaxing)
 .debug_str     0x00003a4a      0x53b CMakeFiles/1_test.elf.dir/Drivers/STM32F0xx_HAL_Driver/Src/stm32f0xx_hal_tim_ex.c.obj
                                0xe6d (size before relaxing)
 .debug_str     0x00003f85       0xf4 CMakeFiles/1_test.elf.dir/UserApp/main.cpp.obj
                                0x125 (size before relaxing)

.comment        0x00000000       0x49
 .comment       0x00000000       0x49 CMakeFiles/1_test.elf.dir/Core/Src/adc.c.obj
                                 0x4a (size before relaxing)
 .comment       0x00000049       0x4a CMakeFiles/1_test.elf.dir/Core/Src/dma.c.obj
 .comment       0x00000049       0x4a CMakeFiles/1_test.elf.dir/Core/Src/gpio.c.obj
 .comment       0x00000049       0x4a CMakeFiles/1_test.elf.dir/Core/Src/i2c.c.obj
 .comment       0x00000049       0x4a CMakeFiles/1_test.elf.dir/Core/Src/main.c.obj
 .comment       0x00000049       0x4a CMakeFiles/1_test.elf.dir/Core/Src/stm32f0xx_hal_msp.c.obj
 .comment       0x00000049       0x4a CMakeFiles/1_test.elf.dir/Core/Src/stm32f0xx_it.c.obj
 .comment       0x00000049       0x4a CMakeFiles/1_test.elf.dir/Core/Src/system_stm32f0xx.c.obj
 .comment       0x00000049       0x4a CMakeFiles/1_test.elf.dir/Core/Src/tim.c.obj
 .comment       0x00000049       0x4a CMakeFiles/1_test.elf.dir/Drivers/STM32F0xx_HAL_Driver/Src/stm32f0xx_hal.c.obj
 .comment       0x00000049       0x4a CMakeFiles/1_test.elf.dir/Drivers/STM32F0xx_HAL_Driver/Src/stm32f0xx_hal_adc.c.obj
 .comment       0x00000049       0x4a CMakeFiles/1_test.elf.dir/Drivers/STM32F0xx_HAL_Driver/Src/stm32f0xx_hal_cortex.c.obj
 .comment       0x00000049       0x4a CMakeFiles/1_test.elf.dir/Drivers/STM32F0xx_HAL_Driver/Src/stm32f0xx_hal_dma.c.obj
 .comment       0x00000049       0x4a CMakeFiles/1_test.elf.dir/Drivers/STM32F0xx_HAL_Driver/Src/stm32f0xx_hal_gpio.c.obj
 .comment       0x00000049       0x4a CMakeFiles/1_test.elf.dir/Drivers/STM32F0xx_HAL_Driver/Src/stm32f0xx_hal_i2c.c.obj
 .comment       0x00000049       0x4a CMakeFiles/1_test.elf.dir/Drivers/STM32F0xx_HAL_Driver/Src/stm32f0xx_hal_i2c_ex.c.obj
 .comment       0x00000049       0x4a CMakeFiles/1_test.elf.dir/Drivers/STM32F0xx_HAL_Driver/Src/stm32f0xx_hal_rcc.c.obj
 .comment       0x00000049       0x4a CMakeFiles/1_test.elf.dir/Drivers/STM32F0xx_HAL_Driver/Src/stm32f0xx_hal_rcc_ex.c.obj
 .comment       0x00000049       0x4a CMakeFiles/1_test.elf.dir/Drivers/STM32F0xx_HAL_Driver/Src/stm32f0xx_hal_tim.c.obj
 .comment       0x00000049       0x4a CMakeFiles/1_test.elf.dir/Drivers/STM32F0xx_HAL_Driver/Src/stm32f0xx_hal_tim_ex.c.obj
 .comment       0x00000049       0x4a CMakeFiles/1_test.elf.dir/UserApp/main.cpp.obj

.debug_frame    0x00000000     0x2680
 .debug_frame   0x00000000       0x5c CMakeFiles/1_test.elf.dir/Core/Src/adc.c.obj
 .debug_frame   0x0000005c       0x28 CMakeFiles/1_test.elf.dir/Core/Src/dma.c.obj
 .debug_frame   0x00000084       0x2c CMakeFiles/1_test.elf.dir/Core/Src/gpio.c.obj
 .debug_frame   0x000000b0       0x5c CMakeFiles/1_test.elf.dir/Core/Src/i2c.c.obj
 .debug_frame   0x0000010c       0x54 CMakeFiles/1_test.elf.dir/Core/Src/main.c.obj
 .debug_frame   0x00000160       0x24 CMakeFiles/1_test.elf.dir/Core/Src/stm32f0xx_hal_msp.c.obj
 .debug_frame   0x00000184       0xc8 CMakeFiles/1_test.elf.dir/Core/Src/stm32f0xx_it.c.obj
 .debug_frame   0x0000024c       0x38 CMakeFiles/1_test.elf.dir/Core/Src/system_stm32f0xx.c.obj
 .debug_frame   0x00000284       0xb0 CMakeFiles/1_test.elf.dir/Core/Src/tim.c.obj
 .debug_frame   0x00000334      0x1ac CMakeFiles/1_test.elf.dir/Drivers/STM32F0xx_HAL_Driver/Src/stm32f0xx_hal.c.obj
 .debug_frame   0x000004e0      0x2a4 CMakeFiles/1_test.elf.dir/Drivers/STM32F0xx_HAL_Driver/Src/stm32f0xx_hal_adc.c.obj
 .debug_frame   0x00000784       0xe4 CMakeFiles/1_test.elf.dir/Drivers/STM32F0xx_HAL_Driver/Src/stm32f0xx_hal_cortex.c.obj
 .debug_frame   0x00000868      0x168 CMakeFiles/1_test.elf.dir/Drivers/STM32F0xx_HAL_Driver/Src/stm32f0xx_hal_dma.c.obj
 .debug_frame   0x000009d0       0xc0 CMakeFiles/1_test.elf.dir/Drivers/STM32F0xx_HAL_Driver/Src/stm32f0xx_hal_gpio.c.obj
 .debug_frame   0x00000a90      0x8b4 CMakeFiles/1_test.elf.dir/Drivers/STM32F0xx_HAL_Driver/Src/stm32f0xx_hal_i2c.c.obj
 .debug_frame   0x00001344       0x78 CMakeFiles/1_test.elf.dir/Drivers/STM32F0xx_HAL_Driver/Src/stm32f0xx_hal_i2c_ex.c.obj
 .debug_frame   0x000013bc      0x138 CMakeFiles/1_test.elf.dir/Drivers/STM32F0xx_HAL_Driver/Src/stm32f0xx_hal_rcc.c.obj
 .debug_frame   0x000014f4       0x58 CMakeFiles/1_test.elf.dir/Drivers/STM32F0xx_HAL_Driver/Src/stm32f0xx_hal_rcc_ex.c.obj
 .debug_frame   0x0000154c      0xae4 CMakeFiles/1_test.elf.dir/Drivers/STM32F0xx_HAL_Driver/Src/stm32f0xx_hal_tim.c.obj
 .debug_frame   0x00002030      0x420 CMakeFiles/1_test.elf.dir/Drivers/STM32F0xx_HAL_Driver/Src/stm32f0xx_hal_tim_ex.c.obj
 .debug_frame   0x00002450       0x20 CMakeFiles/1_test.elf.dir/UserApp/main.cpp.obj
 .debug_frame   0x00002470       0x20 e:/progra~2/stmicr~1/stm32c~1/gcc-ar~1.10-/gcc-ar~1.10/bin/../lib/gcc/arm-none-eabi/10.3.1/thumb/v6-m/nofp\libgcc.a(_udivsi3.o)
 .debug_frame   0x00002490       0x2c e:/progra~2/stmicr~1/stm32c~1/gcc-ar~1.10-/gcc-ar~1.10/bin/../lib/gcc/arm-none-eabi/10.3.1/../../../../arm-none-eabi/lib/thumb/v6-m/nofp\libg.a(lib_a-init.o)
 .debug_frame   0x000024bc       0x30 e:/progra~2/stmicr~1/stm32c~1/gcc-ar~1.10-/gcc-ar~1.10/bin/../lib/gcc/arm-none-eabi/10.3.1/../../../../arm-none-eabi/lib/thumb/v6-m/nofp\libg.a(lib_a-memset.o)
 .debug_frame   0x000024ec       0x54 e:/progra~2/stmicr~1/stm32c~1/gcc-ar~1.10-/gcc-ar~1.10/bin/../lib/gcc/arm-none-eabi/10.3.1/../../../../arm-none-eabi/lib/thumb/v6-m/nofp\libg.a(lib_a-__call_atexit.o)
 .debug_frame   0x00002540       0x28 e:/progra~2/stmicr~1/stm32c~1/gcc-ar~1.10-/gcc-ar~1.10/bin/../lib/gcc/arm-none-eabi/10.3.1/../../../../arm-none-eabi/lib/thumb/v6-m/nofp\libg.a(lib_a-atexit.o)
 .debug_frame   0x00002568       0x2c e:/progra~2/stmicr~1/stm32c~1/gcc-ar~1.10-/gcc-ar~1.10/bin/../lib/gcc/arm-none-eabi/10.3.1/../../../../arm-none-eabi/lib/thumb/v6-m/nofp\libg.a(lib_a-fini.o)
 .debug_frame   0x00002594       0xb0 e:/progra~2/stmicr~1/stm32c~1/gcc-ar~1.10-/gcc-ar~1.10/bin/../lib/gcc/arm-none-eabi/10.3.1/../../../../arm-none-eabi/lib/thumb/v6-m/nofp\libg.a(lib_a-lock.o)
 .debug_frame   0x00002644       0x3c e:/progra~2/stmicr~1/stm32c~1/gcc-ar~1.10-/gcc-ar~1.10/bin/../lib/gcc/arm-none-eabi/10.3.1/../../../../arm-none-eabi/lib/thumb/v6-m/nofp\libg.a(lib_a-__atexit.o)
